[('the', 250), ('and', 141), ('i', 127), ('of', 118), ('to', 113), ('was', 100), ('it', 95), ('a', 92), ('that', 87), ('in', 62), ('he', 59), ('is', 54), ('you', 48), ('my', 41), ('had', 41), ('have', 36), ('but', 36), ('her', 36), ('his', 33), ('not', 33), ('she', 33), ('for', 32), ('with', 30), ('at', 30), ('him', 28), ('which', 28), ('me', 28), ('as', 26), ('one', 25), ('we', 25), ('when', 21), ('there', 21), ('from', 21), ('holmes', 20), ('could', 20), ('man', 20), ('be', 19), ('your', 19), ('they', 18), ('then', 18), ('what', 18), ('will', 16), ('if', 16), ('were', 16), ('woman', 16), ('would', 16), ('this', 15), ('well', 15), ('should', 15), ('all', 15), ('on', 15), ('some', 15), ('who', 14), ('mrs', 14), ('ronder', 14), ('so', 14), ('upon', 14), ('by', 14), ('cage', 14), ('mr', 13), ('said', 13), ('leonardo', 13), ('been', 12), ('no', 12), ('face', 12), ('our', 11), ('them', 11), ('these', 10), ('are', 10), ('may', 10), ('or', 10), ('do', 10), ('before', 10), ('us', 10), ('up', 10), ('never', 10), ('very', 10), ('merrilow', 9), ('how', 9), ('poor', 9), ('think', 9), ('lion', 9), ('has', 8), ('say', 8), ('into', 8), ('an', 8), ('watson', 8), ('tell', 8), ('know', 8), ('did', 8), ('give', 8), ('came', 8), ('back', 8), ('its', 8), ('beast', 8), ('yet', 8), ('husband', 8), ('long', 7), ('only', 7), ('nothing', 7), ('made', 7), ('story', 7), ('understand', 7), ('those', 7), ('terrible', 7), ('now', 7), ('can', 7), ('see', 7), ('out', 7), ('down', 7), ('night', 7), ('two', 7), ('left', 7), ('myself', 7), ('way', 6), ('might', 6), ('over', 6), ('about', 6), ('like', 6), ('more', 6), ('again', 6), ('cries', 6), ('says', 6), ('case', 6), ('evidence', 6), ('both', 6), ('door', 6), ('such', 6), ('lodger', 5), ('years', 5), ('their', 5), ('most', 5), ('human', 5), ('name', 5), ('come', 5), ('make', 5), ('bring', 5), ('go', 5), ('help', 5), ('saw', 5), ('last', 5), ('any', 5), ('heard', 5), ('police', 5), ('wife', 5), ('show', 5), ('time', 5), ('done', 5), ('person', 5), ('close', 5), ('fate', 5), ('text', 5), ('friend', 4), ('get', 4), ('whole', 4), ('sometimes', 4), ('brought', 4), ('anything', 4), ('once', 4), ('why', 4), ('house', 4), ('own', 4), ('am', 4), ('away', 4), ('went', 4), ('here', 4), ('abbas', 4), ('parva', 4), ('too', 4), ('little', 4), ('other', 4), ('huge', 4), ('open', 4), ('worried', 4), ('tragedy', 4), ('none', 4), ('perhaps', 4), ('points', 4), ('small', 4), ('followed', 4), ('camp', 4), ('ten', 4), ('creature', 4), ('loose', 4), ('coward', 4), ('forward', 4), ('beasts', 4), ('same', 4), ('told', 4), ('because', 4), ('world', 4), ('love', 4), ('life', 4), ('clear', 3), ('find', 3), ('however', 3), ('known', 3), ('gave', 3), ('easily', 3), ('place', 3), ('facts', 3), ('found', 3), ('hand', 3), ('wish', 3), ('visitor', 3), ('hardly', 3), ('looked', 3), ('got', 3), ('veil', 3), ('than', 3), ('others', 3), ('after', 3), ('remarkable', 3), ('wonder', 3), ('head', 3), ('theres', 3), ('something', 3), ('mind', 3), ('through', 3), ('sent', 3), ('truth', 3), ('thought', 3), ('expect', 3), ('corner', 3), ('sat', 3), ('took', 3), ('great', 3), ('near', 3), ('deep', 3), ('torn', 3), ('live', 3), ('men', 3), ('griggs', 3), ('off', 3), ('bounded', 3), ('carried', 3), ('van', 3), ('held', 3), ('edmunds', 3), ('lions', 3), ('devil', 3), ('thing', 3), ('just', 3), ('being', 3), ('together', 3), ('turned', 3), ('many', 3), ('bully', 3), ('cursed', 3), ('room', 3), ('whom', 3), ('under', 3), ('girl', 3), ('became', 3), ('club', 3), ('instant', 3), ('womans', 3), ('sherlock', 2), ('allowed', 2), ('keep', 2), ('notes', 2), ('always', 2), ('late', 2), ('concerning', 2), ('honour', 2), ('fear', 2), ('professional', 2), ('still', 2), ('work', 2), ('memoirs', 2), ('papers', 2), ('holmess', 2), ('least', 2), ('every', 2), ('cases', 2), ('showing', 2), ('instinct', 2), ('set', 2), ('forth', 2), ('much', 2), ('pick', 2), ('desire', 2), ('change', 2), ('front', 2), ('brixton', 2), ('does', 2), ('filthy', 2), ('lead', 2), ('let', 2), ('dr', 2), ('seven', 2), ('seen', 2), ('thats', 2), ('upper', 2), ('dropped', 2), ('kind', 2), ('happened', 2), ('covered', 2), ('quick', 2), ('sir', 2), ('hard', 2), ('plenty', 2), ('rent', 2), ('times', 2), ('cant', 2), ('turn', 2), ('chance', 2), ('mine', 2), ('road', 2), ('take', 2), ('tried', 2), ('best', 2), ('ready', 2), ('save', 2), ('dont', 2), ('examined', 2), ('quite', 2), ('health', 2), ('seems', 2), ('murder', 2), ('cruel', 2), ('monster', 2), ('fair', 2), ('clergy', 2), ('between', 2), ('past', 2), ('ease', 2), ('someone', 2), ('wont', 2), ('detective', 2), ('read', 2), ('wild', 2), ('till', 2), ('describe', 2), ('books', 2), ('strange', 2), ('round', 2), ('wrong', 2), ('memory', 2), ('day', 2), ('berkshire', 2), ('habit', 2), ('inside', 2), ('photograph', 2), ('magnificent', 2), ('inquest', 2), ('usual', 2), ('taken', 2), ('feed', 2), ('anyone', 2), ('else', 2), ('particular', 2), ('rushed', 2), ('light', 2), ('awful', 2), ('lay', 2), ('clawmarks', 2), ('across', 2), ('yards', 2), ('circus', 2), ('strong', 2), ('clown', 2), ('sprang', 2), ('loosed', 2), ('point', 2), ('kept', 2), ('fit', 2), ('death', 2), ('conceived', 2), ('later', 2), ('exactly', 2), ('view', 2), ('another', 2), ('comes', 2), ('screamed', 2), ('began', 2), ('terror', 2), ('skull', 2), ('smashed', 2), ('hear', 2), ('glad', 2), ('struck', 2), ('reached', 2), ('having', 2), ('rage', 2), ('cowed', 2), ('flaw', 2), ('enemy', 2), ('doing', 2), ('silence', 2), ('horrible', 2), ('spoken', 2), ('bottle', 2), ('end', 2), ('seldom', 2), ('seemed', 2), ('beautiful', 2), ('mouth', 2), ('conceive', 2), ('indeed', 2), ('voice', 2), ('madam', 2), ('wiser', 2), ('yes', 2), ('dead', 2), ('die', 2), ('gone', 2), ('understood', 2), ('use', 2), ('rose', 2), ('smile', 2), ('dreadful', 2), ('eyes', 2), ('loved', 2), ('called', 2), ('deserted', 2), ('pitied', 2), ('money', 2), ('feel', 2), ('ever', 2), ('soon', 2), ('planned', 2), ('creatures', 2), ('conscious', 2), ('hands', 2), ('month', 2), ('pool', 2), ('closed', 2), ('itself', 2), ('warranties', 2), ('adventure', 1), ('veiled', 1), ('arthur', 1), ('conan', 1), ('doyle', 1), ('considers', 1), ('active', 1), ('practice', 1), ('twentythree', 1), ('during', 1), ('seventeen', 1), ('cooperate', 1), ('doings', 1), ('mass', 1), ('material', 1), ('command', 1), ('problem', 1), ('choose', 1), ('row', 1), ('yearbooks', 1), ('fill', 1), ('shelf', 1), ('dispatchcases', 1), ('filled', 1), ('documents', 1), ('perfect', 1), ('quarry', 1), ('student', 1), ('crime', 1), ('social', 1), ('official', 1), ('scandals', 1), ('victorian', 1), ('era', 1), ('latter', 1), ('writers', 1), ('agonized', 1), ('letters', 1), ('beg', 1), ('families', 1), ('reputation', 1), ('famous', 1), ('forebears', 1), ('touched', 1), ('discretion', 1), ('high', 1), ('sense', 1), ('distinguished', 1), ('choice', 1), ('confidence', 1), ('abused', 1), ('deprecate', 1), ('strongest', 1), ('attempts', 1), ('lately', 1), ('destroy', 1), ('source', 1), ('outrages', 1), ('repeated', 1), ('authority', 1), ('saying', 1), ('politician', 1), ('lighthouse', 1), ('trained', 1), ('cormorant', 1), ('given', 1), ('public', 1), ('reader', 1), ('reasonable', 1), ('suppose', 1), ('opportunity', 1), ('curious', 1), ('gifts', 1), ('observation', 1), ('endeavoured', 1), ('effort', 1), ('fruit', 1), ('fell', 1), ('lap', 1), ('tragedies', 1), ('often', 1), ('involved', 1), ('fewest', 1), ('personal', 1), ('opportunities', 1), ('record', 1), ('telling', 1), ('slight', 1), ('otherwise', 1), ('stated', 1), ('forenoonit', 1), ('1896i', 1), ('received', 1), ('hurried', 1), ('note', 1), ('asking', 1), ('attendance', 1), ('arrived', 1), ('seated', 1), ('smokeladen', 1), ('atmosphere', 1), ('elderly', 1), ('motherly', 1), ('buxom', 1), ('landlady', 1), ('type', 1), ('corresponding', 1), ('chair', 1), ('south', 1), ('wave', 1), ('object', 1), ('tobacco', 1), ('indulge', 1), ('habits', 1), ('interesting', 1), ('further', 1), ('developments', 1), ('presence', 1), ('useful', 1), ('prefer', 1), ('witness', 1), ('arrive', 1), ('lord', 1), ('bless', 1), ('anxious', 1), ('parish', 1), ('heels', 1), ('shall', 1), ('early', 1), ('afternoon', 1), ('correct', 1), ('start', 1), ('situation', 1), ('god', 1), ('terribly', 1), ('mutilated', 1), ('milkman', 1), ('glimpse', 1), ('peeping', 1), ('window', 1), ('tin', 1), ('milk', 1), ('garden', 1), ('heri', 1), ('unawaresshe', 1), ('raise', 1), ('history', 1), ('references', 1), ('cash', 1), ('quarters', 1), ('right', 1), ('table', 1), ('advance', 1), ('arguing', 1), ('terms', 1), ('afford', 1), ('reason', 1), ('choosing', 1), ('stands', 1), ('private', 1), ('family', 1), ('reckon', 1), ('suited', 1), ('privacy', 1), ('pay', 1), ('showed', 1), ('first', 1), ('accidental', 1), ('occasion', 1), ('want', 1), ('satisfied', 1), ('quieter', 1), ('gives', 1), ('less', 1), ('trouble', 1), ('matters', 1), ('wasting', 1), ('cried', 1), ('rang', 1), ('shivers', 1), ('morning', 1), ('troubling', 1), ('soul', 1), ('gods', 1), ('sake', 1), ('knew', 1), ('died', 1), ('regulars', 1), ('aboutbeggin', 1), ('pardon', 1), ('jumped', 1), ('ronders', 1), ('wrote', 1), ('hes', 1), ('remarked', 1), ('good', 1), ('chat', 1), ('carry', 1), ('lunchtime', 1), ('three', 1), ('oclock', 1), ('sooner', 1), ('waddled', 1), ('roomno', 1), ('verb', 1), ('merrilows', 1), ('method', 1), ('progressionthan', 1), ('threw', 1), ('himself', 1), ('fierce', 1), ('energy', 1), ('pile', 1), ('commonplace', 1), ('few', 1), ('minutes', 1), ('constant', 1), ('swish', 1), ('leaves', 1), ('grunt', 1), ('satisfaction', 1), ('sought', 1), ('excited', 1), ('rise', 1), ('floor', 1), ('buddha', 1), ('crossed', 1), ('legs', 1), ('knees', 1), ('marginal', 1), ('prove', 1), ('confess', 1), ('convinced', 1), ('coroner', 1), ('recollection', 1), ('certainly', 1), ('impression', 1), ('superficial', 1), ('parties', 1), ('engaged', 1), ('services', 1), ('care', 1), ('probably', 1), ('talk', 1), ('course', 1), ('household', 1), ('word', 1), ('rival', 1), ('wombwell', 1), ('sanger', 1), ('greatest', 1), ('showmen', 1), ('drink', 1), ('grade', 1), ('caravan', 1), ('halted', 1), ('village', 1), ('horror', 1), ('occurred', 1), ('wimbledon', 1), ('travelling', 1), ('simply', 1), ('camping', 1), ('exhibiting', 1), ('paid', 1), ('among', 1), ('exhibits', 1), ('fine', 1), ('north', 1), ('african', 1), ('sahara', 1), ('king', 1), ('exhibitions', 1), ('performance', 1), ('perceive', 1), ('porcine', 1), ('deposed', 1), ('signs', 1), ('dangerous', 1), ('familiarity', 1), ('begat', 1), ('contempt', 1), ('notice', 1), ('fact', 1), ('either', 1), ('believed', 1), ('foodcarriers', 1), ('regard', 1), ('benefactors', 1), ('molest', 1), ('ago', 1), ('happening', 1), ('details', 1), ('roused', 1), ('midnight', 1), ('roars', 1), ('animal', 1), ('screams', 1), ('different', 1), ('grooms', 1), ('employees', 1), ('tents', 1), ('carrying', 1), ('lanterns', 1), ('sight', 1), ('revealed', 1), ('crushed', 1), ('scalp', 1), ('squatting', 1), ('snarling', 1), ('above', 1), ('fashion', 1), ('several', 1), ('headed', 1), ('drove', 1), ('poles', 1), ('locked', 1), ('mystery', 1), ('conjectured', 1), ('pair', 1), ('intended', 1), ('enter', 1), ('interest', 1), ('delirium', 1), ('agony', 1), ('screaming', 1), ('lived', 1), ('six', 1), ('months', 1), ('duly', 1), ('obvious', 1), ('verdict', 1), ('misadventure', 1), ('alternative', 1), ('young', 1), ('constabulary', 1), ('smart', 1), ('lad', 1), ('allahabad', 1), ('matter', 1), ('smoked', 1), ('pipe', 1), ('thin', 1), ('yellowhaired', 1), ('sure', 1), ('trail', 1), ('presently', 1), ('deucedly', 1), ('difficult', 1), ('reconstruct', 1), ('affair', 1), ('look', 1), ('liberated', 1), ('takes', 1), ('half', 1), ('dozen', 1), ('bounds', 1), ('brings', 1), ('turns', 1), ('flythe', 1), ('headbut', 1), ('strikes', 1), ('instead', 1), ('bounding', 1), ('escaping', 1), ('returns', 1), ('knocks', 1), ('chews', 1), ('hers', 1), ('seem', 1), ('imply', 1), ('failed', 1), ('difficulty', 1), ('roared', 1), ('shouting', 1), ('doubt', 1), ('witnesses', 1), ('spoke', 1), ('mingled', 1), ('crying', 1), ('suggest', 1), ('solution', 1), ('consider', 1), ('idea', 1), ('getting', 1), ('shutting', 1), ('refuge', 1), ('knocked', 1), ('angry', 1), ('encouraged', 1), ('turning', 1), ('faced', 1), ('hence', 1), ('brilliant', 1), ('diamond', 1), ('paces', 1), ('possible', 1), ('attack', 1), ('savagely', 1), ('playing', 1), ('tricks', 1), ('possibly', 1), ('enrage', 1), ('thoughtful', 1), ('remained', 1), ('moments', 1), ('theory', 1), ('enemies', 1), ('cups', 1), ('slashed', 1), ('everyone', 1), ('nocturnal', 1), ('reminiscences', 1), ('dear', 1), ('departed', 1), ('speculations', 1), ('futile', 1), ('until', 1), ('cold', 1), ('partridge', 1), ('sideboard', 1), ('montrachet', 1), ('renew', 1), ('energies', 1), ('fresh', 1), ('call', 1), ('hansom', 1), ('deposited', 1), ('plump', 1), ('lady', 1), ('blocking', 1), ('humble', 1), ('retired', 1), ('abode', 1), ('chief', 1), ('preoccupation', 1), ('lest', 1), ('lose', 1), ('valuable', 1), ('implored', 1), ('undesirable', 1), ('reassured', 1), ('straight', 1), ('badly', 1), ('carpeted', 1), ('staircase', 1), ('shown', 1), ('mysterious', 1), ('musty', 1), ('illventilated', 1), ('expected', 1), ('since', 1), ('inmate', 1), ('keeping', 1), ('retribution', 1), ('become', 1), ('herself', 1), ('broken', 1), ('armchair', 1), ('shadowy', 1), ('inaction', 1), ('coarsened', 1), ('lines', 1), ('figure', 1), ('period', 1), ('must', 1), ('full', 1), ('voluptuous', 1), ('thick', 1), ('dark', 1), ('cut', 1), ('lip', 1), ('disclosed', 1), ('perfectly', 1), ('shaped', 1), ('delicately', 1), ('rounded', 1), ('chin', 1), ('modulated', 1), ('pleasing', 1), ('unfamiliar', 1), ('though', 1), ('aware', 1), ('interested', 1), ('learned', 1), ('recovered', 1), ('county', 1), ('lied', 1), ('usually', 1), ('lie', 1), ('depended', 1), ('worthless', 1), ('destruction', 1), ('conscience', 1), ('closeso', 1), ('impediment', 1), ('removed', 1), ('allude', 1), ('considered', 1), ('stand', 1), ('scandal', 1), ('publicity', 1), ('examination', 1), ('undisturbed', 1), ('wanted', 1), ('judgment', 1), ('compliment', 1), ('responsible', 1), ('promise', 1), ('duty', 1), ('refer', 1), ('character', 1), ('methods', 1), ('reading', 1), ('pleasure', 1), ('miss', 1), ('passes', 1), ('drawer', 1), ('clearly', 1), ('acrobat', 1), ('physique', 1), ('arms', 1), ('folded', 1), ('swollen', 1), ('chest', 1), ('breaking', 1), ('heavy', 1), ('moustachethe', 1), ('selfsatisfied', 1), ('conquests', 1), ('thisthis', 1), ('facea', 1), ('pig', 1), ('rather', 1), ('boar', 1), ('formidable', 1), ('bestiality', 1), ('imagine', 1), ('vile', 1), ('champing', 1), ('foaming', 1), ('vicious', 1), ('darting', 1), ('pure', 1), ('malignancy', 1), ('ruffian', 1), ('beastit', 1), ('written', 1), ('heavyjowled', 1), ('pictures', 1), ('gentlemen', 1), ('sawdust', 1), ('springs', 1), ('hoop', 1), ('lust', 1), ('evil', 1), ('moment', 1), ('hell', 1), ('tormented', 1), ('treatment', 1), ('tied', 1), ('lashed', 1), ('ridingwhip', 1), ('complained', 1), ('loathed', 1), ('feared', 1), ('murderous', 1), ('drunk', 1), ('assault', 1), ('cruelty', 1), ('fines', 1), ('downhill', 1), ('upwith', 1), ('jimmy', 1), ('funny', 1), ('hold', 1), ('things', 1), ('spirit', 1), ('hidden', 1), ('splendid', 1), ('body', 1), ('compared', 1), ('angel', 1), ('gabriel', 1), ('helped', 1), ('intimacy', 1), ('lovedeep', 1), ('passionate', 1), ('dreamed', 1), ('hoped', 1), ('suspected', 1), ('afraid', 1), ('revenge', 1), ('torturing', 1), ('lover', 1), ('avoided', 1), ('clever', 1), ('scheming', 1), ('brain', 1), ('blame', 1), ('inch', 1), ('wit', 1), ('plan', 1), ('clubleonardo', 1), ('itand', 1), ('leaden', 1), ('fastened', 1), ('five', 1), ('steel', 1), ('nails', 1), ('outward', 1), ('spread', 1), ('paw', 1), ('deathblow', 1), ('leave', 1), ('deed', 1), ('pitchdark', 1), ('custom', 1), ('raw', 1), ('meat', 1), ('zinc', 1), ('pail', 1), ('waiting', 1), ('big', 1), ('pass', 1), ('slow', 1), ('walked', 1), ('strike', 1), ('tiptoe', 1), ('crash', 1), ('husbands', 1), ('heart', 1), ('leaped', 1), ('joy', 1), ('sound', 1), ('undid', 1), ('catch', 1), ('scent', 1), ('blood', 1), ('excites', 1), ('slain', 1), ('slipped', 1), ('bars', 1), ('saved', 1), ('lost', 1), ('nerve', 1), ('shout', 1), ('fly', 1), ('teeth', 1), ('met', 1), ('hot', 1), ('breath', 1), ('already', 1), ('poisoned', 1), ('pain', 1), ('palms', 1), ('push', 1), ('steaming', 1), ('bloodstained', 1), ('jaws', 1), ('stirring', 1), ('dimly', 1), ('remembered', 1), ('group', 1), ('dragging', 1), ('paws', 1), ('weary', 1), ('mirror', 1), ('lionoh', 1), ('himnot', 1), ('beauty', 1), ('enough', 1), ('gratify', 1), ('cover', 1), ('dwell', 1), ('where', 1), ('doand', 1), ('wounded', 1), ('crawled', 1), ('hole', 1), ('diethat', 1), ('eugenia', 1), ('unhappy', 1), ('stretched', 1), ('arm', 1), ('patted', 1), ('sympathy', 1), ('exhibit', 1), ('ways', 1), ('compensation', 1), ('hereafter', 1), ('jest', 1), ('bitterly', 1), ('against', 1), ('freaks', 1), ('country', 1), ('aside', 1), ('claws', 1), ('need', 1), ('gallows', 1), ('cared', 1), ('actual', 1), ('stood', 1), ('drowned', 1), ('bathing', 1), ('margate', 1), ('paper', 1), ('fiveclawed', 1), ('singular', 1), ('ingenious', 1), ('part', 1), ('chalkpit', 1), ('green', 1), ('base', 1), ('depths', 1), ('consequence', 1), ('risen', 1), ('arrested', 1), ('attention', 1), ('swiftly', 1), ('example', 1), ('patient', 1), ('suffering', 1), ('precious', 1), ('lessons', 1), ('impatient', 1), ('answer', 1), ('raised', 1), ('stepped', 1), ('bear', 1), ('words', 1), ('framework', 1), ('living', 1), ('brown', 1), ('looking', 1), ('sadly', 1), ('grisly', 1), ('ruin', 1), ('gesture', 1), ('pity', 1), ('protest', 1), ('days', 1), ('pointed', 1), ('pride', 1), ('blue', 1), ('mantelpiece', 1), ('picked', 1), ('red', 1), ('poison', 1), ('label', 1), ('pleasant', 1), ('almondy', 1), ('odour', 1), ('opened', 1), ('prussic', 1), ('acid', 1), ('post', 1), ('send', 1), ('temptation', 1), ('follow', 1), ('advice', 1), ('message', 1), ('guess', 1), ('brave', 1), ('provided', 1), ('asis', 1), ('without', 1), ('warranty', 1), ('expressed', 1), ('implied', 1), ('medium', 1), ('including', 1), ('limited', 1), ('merchantablity', 1), ('fitness', 1), ('purpose', 1), ('formatted', 1), ('various', 1), ('free', 1), ('ascii', 1), ('html', 1), ('variants', 1), ('httpsherlockholmes', 1), ('electronic', 1), ('form', 1), ('additional', 1), ('information', 1), ('collections', 1), ('version', 1), ('31', 1)]
